> Task :app:clean
> Task :app:preBuild UP-TO-DATE
> Task :app:preDebugBuild UP-TO-DATE
> Task :app:mergeDebugNativeDebugMetadata NO-SOURCE
> Task :app:dataBindingMergeDependencyArtifactsDebug
> Task :app:generateDebugResValues
> Task :app:generateDebugResources
> Task :app:injectCrashlyticsMappingFileIdDebug
> Task :app:processDebugGoogleServices
> Task :app:packageDebugResources
> Task :app:processDebugNavigationResources
> Task :app:parseDebugLocalResources
> Task :app:compileDebugNavigationResources
> Task :app:mapDebugSourceSetPaths
> Task :app:createDebugCompatibleScreenManifests
> Task :app:extractDeepLinksDebug
> Task :app:javaPreCompileDebug
> Task :app:checkDebugAarMetadata
> Task :app:mergeDebugResources
> Task :app:processDebugMainManifest
> Task :app:dataBindingGenBaseClassesDebug
> Task :app:processDebugManifest
> Task :app:mergeDebugShaders
> Task :app:compileDebugShaders NO-SOURCE
> Task :app:generateDebugAssets UP-TO-DATE
> Task :app:mergeDebugAssets
> Task :app:desugarDebugFileDependencies
> Task :app:compressDebugAssets
> Task :app:mergeDebugJniLibFolders
> Task :app:mergeDebugNativeLibs NO-SOURCE
> Task :app:stripDebugDebugSymbols NO-SOURCE
> Task :app:processDebugManifestForPackage
> Task :app:validateSigningDebug
> Task :app:writeDebugAppMetadata
> Task :app:writeDebugSigningConfigVersions
> Task :app:checkDebugDuplicateClasses
> Task :app:mergeLibDexDebug
> Task :app:processDebugResources FAILED
> Task :app:mergeExtDexDebug

[Incubating] Problems report is available at: file:///Users/het/AndroidStudioProjects/DailyServiceApp/build/reports/problems/problems-report.html

Deprecated Gradle features were used in this build, making it incompatible with Gradle 9.0.

You can use '--warning-mode all' to show the individual deprecation warnings and determine if they come from your own scripts or plugins.

For more on this, please refer to https://docs.gradle.org/8.13/userguide/command_line_interface.html#sec:command_line_warnings in the Gradle documentation.
32 actionable tasks: 32 executed
